Run npm test

> peerless@1.0.0 test
> node --test

TAP version 13
# Subtest: GET /
    # Subtest: responds with 200 and a message
    ok 1 - responds with 200 and a message
      ---
      duration_ms: 21.061141
      type: 'test'
      ...
    1..1
ok 1 - GET /
  ---
  duration_ms: 22.105298
  type: 'suite'
  ...
# Subtest: GET /health
    # Subtest: responds with 200 and status healthy
    not ok 1 - responds with 200 and status healthy
      ---
      duration_ms: 6.848928
      type: 'test'
      location: '/home/runner/work/peerless/peerless/tests/health.test.js:17:5'
      failureType: 'testCodeFailure'
      error: |-
        Expected values to be strictly equal:
        
        200 !== 500
        
      code: 'ERR_ASSERTION'
      name: 'AssertionError'
      expected: 500
      actual: 200
      operator: 'strictEqual'
      stack: |-
        TestContext.<anonymous> (/home/runner/work/peerless/peerless/tests/health.test.js:19:16)
        process.processTicksAndRejections (node:internal/process/task_queues:103:5)
        async Test.run (node:internal/test_runner/test:1054:7)
        async Promise.all (index 0)
        async Suite.run (node:internal/test_runner/test:1442:7)
        async Test.processPendingSubtests (node:internal/test_runner/test:744:7)
      ...
    1..1
not ok 2 - GET /health
  ---
  duration_ms: 7.663757
  type: 'suite'
  location: '/home/runner/work/peerless/peerless/tests/health.test.js:16:1'
  failureType: 'subtestsFailed'
  error: '1 subtest failed'
  code: 'ERR_TEST_FAILURE'
  ...
# Subtest: GET /ready
    # Subtest: TEMP: intentionally broken for rollback demo
    not ok 1 - TEMP: intentionally broken for rollback demo
      ---
      duration_ms: 5.608564
      type: 'test'
      location: '/home/runner/work/peerless/peerless/tests/health.test.js:31:6'
      failureType: 'testCodeFailure'
      error: |-
        Expected values to be strictly equal:
        
        200 !== 500
        
      code: 'ERR_ASSERTION'
      name: 'AssertionError'
      expected: 500
      actual: 200
      operator: 'strictEqual'
      stack: |-
        TestContext.<anonymous> (/home/runner/work/peerless/peerless/tests/health.test.js:33:16)
        process.processTicksAndRejections (node:internal/process/task_queues:103:5)
        async Test.run (node:internal/test_runner/test:1054:7)
        async Promise.all (index 0)
        async Suite.run (node:internal/test_runner/test:1442:7)
        async Test.processPendingSubtests (node:internal/test_runner/test:744:7)
      ...
    1..1
not ok 3 - GET /ready
  ---
  duration_ms: 6.182439
  type: 'suite'
  location: '/home/runner/work/peerless/peerless/tests/health.test.js:24:1'
  failureType: 'subtestsFailed'
  error: '1 subtest failed'
  code: 'ERR_TEST_FAILURE'
  ...
1..3
# tests 3
# suites 3
# pass 1
# fail 2
# cancelled 0
# skipped 0
# todo 0
# duration_ms 210.367153
Error: Process completed with exit code 1.
