2026-08-09T03:21:43.0249873Z Current runner version: '2.336.0'
2026-08-09T03:21:43.0288164Z ##[group]Runner Image Provisioner
2026-08-09T03:21:43.0290131Z Hosted Compute Agent
2026-08-09T03:21:43.0291798Z Version: 20260707.563
2026-08-09T03:21:43.0293349Z Commit: 02667638d2b423fbc733a8e32a88b44996a3ba6e
2026-08-09T03:21:43.0295314Z Build Date: 2026-07-07T19:33:50Z
2026-08-09T03:21:43.0297135Z Worker ID: {5433f691-a90b-4c95-aa62-476d414488f7}
2026-08-09T03:21:43.0299119Z Azure Region: eastus
2026-08-09T03:21:43.0300739Z ##[endgroup]
2026-08-09T03:21:43.0304076Z ##[group]Operating System
2026-08-09T03:21:43.0305559Z Ubuntu
2026-08-09T03:21:43.0307020Z 24.04.4
2026-08-09T03:21:43.0308758Z LTS
2026-08-09T03:21:43.0310102Z ##[endgroup]
2026-08-09T03:21:43.0311666Z ##[group]Runner Image
2026-08-09T03:21:43.0313342Z Image: ***-24.04
2026-08-09T03:21:43.0314909Z Version: 20260720.247.2
2026-08-09T03:21:43.0317969Z Included Software: https://github.com/actions/runner-images/blob/***24/20260720.247/images/***/Ubuntu2404-Readme.md
2026-08-09T03:21:43.0321349Z Image Release: https://github.com/actions/runner-images/releases/tag/***24%2F20260720.247
2026-08-09T03:21:43.0323672Z ##[endgroup]
2026-08-09T03:21:43.0326542Z ##[group]GITHUB_TOKEN Permissions
2026-08-09T03:21:43.0330288Z Contents: read
2026-08-09T03:21:43.0331852Z Metadata: read
2026-08-09T03:21:43.0333232Z Packages: read
2026-08-09T03:21:43.0334791Z ##[endgroup]
2026-08-09T03:21:43.0338755Z Secret source: Actions
2026-08-09T03:21:43.0341531Z Prepare workflow directory
2026-08-09T03:21:43.1093715Z Prepare all required actions
2026-08-09T03:21:43.1165150Z Getting action download info
2026-08-09T03:21:43.2725161Z Download action repository 'appleboy/ssh-action@v1.0.3' (SHA:029f5b4aeeeb58fdfe1410a5d17f967dacf36262)
2026-08-09T03:21:43.5443300Z Complete job name: deploy
2026-08-09T03:21:43.5886629Z ##[group]Build container for action use: '/home/runner/work/_actions/appleboy/ssh-action/v1.0.3/Dockerfile'.
2026-08-09T03:21:43.5942043Z ##[command]/usr/bin/docker build -t ab5f29:437de6db82e84a1698816f022599f36f -f "/home/runner/work/_actions/appleboy/ssh-action/v1.0.3/Dockerfile" "/home/runner/work/_actions/appleboy/ssh-action/v1.0.3"
2026-08-09T03:21:46.7504737Z #0 building with "default" instance using docker driver
2026-08-09T03:21:46.7506014Z 
2026-08-09T03:21:46.7506913Z #1 [internal] load build definition from Dockerfile
2026-08-09T03:21:46.7508891Z #1 transferring dockerfile: 149B 0.0s done
2026-08-09T03:21:46.7510419Z #1 DONE 0.1s
2026-08-09T03:21:46.7511080Z 
2026-08-09T03:21:46.7511968Z #2 [internal] load metadata for ghcr.io/appleboy/drone-ssh:1.7.3
2026-08-09T03:21:46.8785435Z #2 DONE 0.3s
2026-08-09T03:21:47.0186826Z 
2026-08-09T03:21:47.0189476Z #3 [internal] load .dockerignore
2026-08-09T03:21:47.0190674Z #3 transferring context: 2B done
2026-08-09T03:21:47.0191668Z #3 DONE 0.0s
2026-08-09T03:21:47.0192698Z 
2026-08-09T03:21:47.0193114Z #4 [internal] load build context
2026-08-09T03:21:47.0193933Z #4 transferring context: 108B done
2026-08-09T03:21:47.0194699Z #4 DONE 0.0s
2026-08-09T03:21:47.0195084Z 
2026-08-09T03:21:47.0195933Z #5 [1/2] FROM ghcr.io/appleboy/drone-ssh:1.7.3@sha256:179cbd253771007f2ebcaf7a3860afe059207351de1f3378efafac93bd310158
2026-08-09T03:21:47.0198111Z #5 resolve ghcr.io/appleboy/drone-ssh:1.7.3@sha256:179cbd253771007f2ebcaf7a3860afe059207351de1f3378efafac93bd310158 done
2026-08-09T03:21:47.0199926Z #5 extracting sha256:1207c741d8c9b028d98c4006013f9de959da3c55f85b91ed5e4583438a0112ca
2026-08-09T03:21:47.0201793Z #5 sha256:066e5b821e26d8313055e0314c056e6c297847bcf963e5df10e7aa03107f2246 125B / 125B 0.1s done
2026-08-09T03:21:47.0203336Z #5 sha256:47353a6f9201a145b687290e5ae0278ac269faf4bb61bee3e9246c37a8d74277 2.44MB / 2.44MB 0.1s done
2026-08-09T03:21:47.0205300Z #5 sha256:179cbd253771007f2ebcaf7a3860afe059207351de1f3378efafac93bd310158 2.38kB / 2.38kB done
2026-08-09T03:21:47.0207663Z #5 sha256:1a52f94820e830bc9734623deb03bbafa6a248fba19cdc2e5605c70d90d91441 1.24kB / 1.24kB done
2026-08-09T03:21:47.0209655Z #5 sha256:c4781b8d012b16b6c7468dc9104fad0a63f2a8815b2af8b7176bb544253ea8c7 3.86kB / 3.86kB done
2026-08-09T03:21:47.0211717Z #5 sha256:1207c741d8c9b028d98c4006013f9de959da3c55f85b91ed5e4583438a0112ca 3.38MB / 3.38MB 0.0s done
2026-08-09T03:21:47.0214178Z #5 sha256:654aaee5654be60f81172539ecd74485cf8bbe2e9137bab0d429862c31c676f6 284.83kB / 284.83kB 0.1s done
2026-08-09T03:21:47.0216043Z #5 sha256:7e20f48a19643465f486f59127b8f4e0f4114bedc8bd5260fb4f92d5fda95f1c 1.20kB / 1.20kB 0.1s done
2026-08-09T03:21:47.1263863Z #5 extracting sha256:1207c741d8c9b028d98c4006013f9de959da3c55f85b91ed5e4583438a0112ca 0.1s done
2026-08-09T03:21:47.1265834Z #5 extracting sha256:654aaee5654be60f81172539ecd74485cf8bbe2e9137bab0d429862c31c676f6 0.0s done
2026-08-09T03:21:47.2521348Z #5 extracting sha256:7e20f48a19643465f486f59127b8f4e0f4114bedc8bd5260fb4f92d5fda95f1c done
2026-08-09T03:21:47.2523550Z #5 extracting sha256:066e5b821e26d8313055e0314c056e6c297847bcf963e5df10e7aa03107f2246 done
2026-08-09T03:21:47.2525240Z #5 extracting sha256:47353a6f9201a145b687290e5ae0278ac269faf4bb61bee3e9246c37a8d74277 0.0s done
2026-08-09T03:21:47.4441433Z #5 DONE 0.4s
2026-08-09T03:21:47.4442035Z 
2026-08-09T03:21:47.4442349Z #6 [2/2] COPY entrypoint.sh /bin/entrypoint.sh
2026-08-09T03:21:47.4443091Z #6 DONE 0.0s
2026-08-09T03:21:47.4443398Z 
2026-08-09T03:21:47.4443701Z #7 exporting to image
2026-08-09T03:21:47.4444265Z #7 exporting layers
2026-08-09T03:21:48.0046355Z #7 exporting layers 0.7s done
2026-08-09T03:21:48.0290547Z #7 writing image sha256:559467c966de3b6ad4a2902c528f7e7867dcb163bd16c8758489da2eb041ca01 done
2026-08-09T03:21:48.0291881Z #7 naming to docker.io/library/ab5f29:437de6db82e84a1698816f022599f36f done
2026-08-09T03:21:48.0292883Z #7 DONE 0.7s
2026-08-09T03:21:48.0457978Z ##[endgroup]
2026-08-09T03:21:48.0759938Z ##[group]Run appleboy/ssh-action@v1.0.3
2026-08-09T03:21:48.0760667Z with:
2026-08-09T03:21:48.0761197Z   host: ***
2026-08-09T03:21:48.0761496Z   username: ***
2026-08-09T03:21:48.0768952Z   key: ***
2026-08-09T03:21:48.0772200Z   script: cd /opt/peerless
NEW_SHA=4463daae5e5f6c5b53a1ddc476cecbf4bab61f2a

CURRENT_SHA=$(grep -oP '(?<=peerless:)[a-f0-9]+' compose.yml || echo "none")
echo "$CURRENT_SHA" > PREVIOUS_VERSION

sed -i "s|image: ghcr.io/duubemmm/peerless:.*|image: ghcr.io/duubemmm/peerless:${NEW_SHA}|" compose.yml
docker compose pull
docker compose up -d
sleep 5

if curl -f http://localhost:3000/ready; then
  echo "Deployment successful: ${NEW_SHA}"
  echo "$NEW_SHA" > CURRENT_VERSION
else
  echo "Health check failed. Rolling back to ${CURRENT_SHA}"
  sed -i "s|image: ghcr.io/duubemmm/peerless:.*|image: ghcr.io/duubemmm/peerless:${CURRENT_SHA}|" compose.yml
  docker compose pull
  docker compose up -d
  sleep 5
  if curl -f http://localhost:3000/ready; then
    echo "Rollback successful: restored ${CURRENT_SHA}"
  else
    echo "Rollback also failed. Manual intervention required."
    exit 1
  fi
  exit 1
fi
2026-08-09T03:21:48.0775428Z   port: 22
2026-08-09T03:21:48.0775701Z   timeout: 30s
2026-08-09T03:21:48.0775991Z   command_timeout: 10m
2026-08-09T03:21:48.0776300Z   proxy_port: 22
2026-08-09T03:21:48.0776832Z   proxy_timeout: 30s
2026-08-09T03:21:48.0778028Z env:
2026-08-09T03:21:48.0778497Z   REGISTRY: ghcr.io
2026-08-09T03:21:48.0778962Z   IMAGE_NAME: Duubemmm/peerless
2026-08-09T03:21:48.0779335Z ##[endgroup]
2026-08-09T03:21:48.0916776Z ##[command]/usr/bin/docker run --name ab5f29437de6db82e84a1698816f022599f36f_883227 --label ab5f29 --workdir /github/workspace --rm -e "REGISTRY" -e "IMAGE_NAME" -e "INPUT_HOST" -e "INPUT_USERNAME" -e "INPUT_KEY" -e "INPUT_SCRIPT" -e "INPUT_PORT" -e "INPUT_PASSPHRASE" -e "INPUT_PASSWORD" -e "INPUT_SYNC" -e "INPUT_USE_INSECURE_CIPHER" -e "INPUT_CIPHER" -e "INPUT_TIMEOUT" -e "INPUT_COMMAND_TIMEOUT" -e "INPUT_KEY_PATH" -e "INPUT_FINGERPRINT" -e "INPUT_PROXY_HOST" -e "INPUT_PROXY_PORT" -e "INPUT_PROXY_USERNAME" -e "INPUT_PROXY_PASSWORD" -e "INPUT_PROXY_PASSPHRASE" -e "INPUT_PROXY_TIMEOUT" -e "INPUT_PROXY_KEY" -e "INPUT_PROXY_KEY_PATH" -e "INPUT_PROXY_FINGERPRINT" -e "INPUT_PROXY_CIPHER" -e "INPUT_PROXY_USE_INSECURE_CIPHER" -e "INPUT_SCRIPT_STOP" -e "INPUT_ENVS" -e "INPUT_ENVS_FORMAT" -e "INPUT_DEBUG" -e "INPUT_ALLENVS" -e "INPUT_REQUEST_PTY" -e "HOME" -e "GITHUB_JOB" -e "GITHUB_REF" -e "GITHUB_SHA" -e "GITHUB_REPOSITORY" -e "GITHUB_REPOSITORY_OWNER" -e "GITHUB_REPOSITORY_OWNER_ID" -e "GITHUB_RUN_ID" -e "GITHUB_RUN_NUMBER" -e "GITHUB_RETENTION_DAYS" -e "GITHUB_RUN_ATTEMPT" -e "GITHUB_ACTOR_ID" -e "GITHUB_ACTOR" -e "GITHUB_WORKFLOW" -e "GITHUB_HEAD_REF" -e "GITHUB_BASE_REF" -e "GITHUB_EVENT_NAME" -e "GITHUB_SERVER_URL" -e "GITHUB_API_URL" -e "GITHUB_GRAPHQL_URL" -e "GITHUB_REF_NAME" -e "GITHUB_REF_PROTECTED" -e "GITHUB_REF_TYPE" -e "GITHUB_WORKFLOW_REF" -e "GITHUB_WORKFLOW_SHA" -e "GITHUB_REPOSITORY_ID" -e "GITHUB_TRIGGERING_ACTOR" -e "GITHUB_WORKSPACE" -e "GITHUB_ACTION" -e "GITHUB_EVENT_PATH" -e "GITHUB_ACTION_REPOSITORY" -e "GITHUB_ACTION_REF" -e "GITHUB_PATH" -e "GITHUB_ENV" -e "GITHUB_STEP_SUMMARY" -e "GITHUB_STATE" -e "GITHUB_OUTPUT" -e "GITHUB_ARTIFACTS" -e "GITHUB_ARTIFACTS_LIST" -e "RUNNER_OS" -e "RUNNER_ARCH" -e "RUNNER_NAME" -e "RUNNER_ENVIRONMENT" -e "RUNNER_TOOL_CACHE" -e "RUNNER_TEMP" -e "RUNNER_WORKSPACE" -e "ACTIONS_RUNTIME_URL" -e "ACTIONS_RUNTIME_TOKEN" -e "ACTIONS_CACHE_URL" -e "ACTIONS_RESULTS_URL" -e "ACTIONS_ORCHESTRATION_ID" -e GITHUB_ACTIONS=true -e CI=true -v "/var/run/docker.sock":"/var/run/docker.sock" -v "/home/runner/work/_temp":"/github/runner_temp" -v "/home/runner/work/_temp/_github_home":"/github/home" -v "/home/runner/work/_temp/_github_workflow":"/github/workflow" -v "/home/runner/work/_temp/_runner_file_commands":"/github/file_commands" -v "/home/runner/work/peerless/peerless":"/github/workspace" ab5f29:437de6db82e84a1698816f022599f36f
2026-08-09T03:21:48.3158416Z ======CMD======
2026-08-09T03:21:48.3159293Z cd /opt/peerless
2026-08-09T03:21:48.3159682Z NEW_SHA=4463daae5e5f6c5b53a1ddc476cecbf4bab61f2a
2026-08-09T03:21:48.3159980Z 
2026-08-09T03:21:48.3160249Z CURRENT_SHA=$(grep -oP '(?<=peerless:)[a-f0-9]+' compose.yml || echo "none")
2026-08-09T03:21:48.3160768Z echo "$CURRENT_SHA" > PREVIOUS_VERSION
2026-08-09T03:21:48.3161050Z 
2026-08-09T03:21:48.3161418Z sed -i "s|image: ghcr.io/duubemmm/peerless:.*|image: ghcr.io/duubemmm/peerless:${NEW_SHA}|" compose.yml
2026-08-09T03:21:48.3162009Z docker compose pull
2026-08-09T03:21:48.3162328Z docker compose up -d
2026-08-09T03:21:48.3162630Z sleep 5
2026-08-09T03:21:48.3162815Z 
2026-08-09T03:21:48.3163011Z if curl -f http://localhost:3000/ready; then
2026-08-09T03:21:48.3163453Z   echo "Deployment successful: ${NEW_SHA}"
2026-08-09T03:21:48.3163831Z   echo "$NEW_SHA" > CURRENT_VERSION
2026-08-09T03:21:48.3164177Z else
2026-08-09T03:21:48.3164529Z   echo "Health check failed. Rolling back to ${CURRENT_SHA}"
2026-08-09T03:21:48.3165218Z   sed -i "s|image: ghcr.io/duubemmm/peerless:.*|image: ghcr.io/duubemmm/peerless:${CURRENT_SHA}|" compose.yml
2026-08-09T03:21:48.3165811Z   docker compose pull
2026-08-09T03:21:48.3166123Z   docker compose up -d
2026-08-09T03:21:48.3166419Z   sleep 5
2026-08-09T03:21:48.3166742Z   if curl -f http://localhost:3000/ready; then
2026-08-09T03:21:48.3167211Z     echo "Rollback successful: restored ${CURRENT_SHA}"
2026-08-09T03:21:48.3168122Z   else
2026-08-09T03:21:48.3168697Z     echo "Rollback also failed. Manual intervention required."
2026-08-09T03:21:48.3169488Z     exit 1
2026-08-09T03:21:48.3169917Z   fi
2026-08-09T03:21:48.3170318Z   exit 1
2026-08-09T03:21:48.3170725Z fi
2026-08-09T03:21:48.3171155Z ======END======
2026-08-09T03:21:50.0953908Z err:  Image postgres:16-alpine Pulling 
2026-08-09T03:21:50.0957696Z err:  Image ghcr.io/duubemmm/peerless:4463daae5e5f6c5b53a1ddc476cecbf4bab61f2a Pulling 
2026-08-09T03:21:51.1784942Z err:  af8a9031e1d6 Pulling fs layer 0B
2026-08-09T03:21:51.1786065Z err:  0f9834e404a5 Pulling fs layer 0B
2026-08-09T03:21:51.1787801Z err:  bf7630a76e50 Pulling fs layer 0B
2026-08-09T03:21:51.1790825Z err:  df18c30562e3 Pulling fs layer 0B
2026-08-09T03:21:51.1791676Z err:  7afaf5235756 Pulling fs layer 0B
2026-08-09T03:21:51.3782200Z err:  Image postgres:16-alpine Pulled 
2026-08-09T03:21:51.4076960Z err:  bf7630a76e50 Download complete 0B
2026-08-09T03:21:51.5101992Z err:  af8a9031e1d6 Download complete 0B
2026-08-09T03:21:51.5208719Z err:  0f9834e404a5 Download complete 0B
2026-08-09T03:21:51.5328035Z err:  df18c30562e3 Download complete 0B
2026-08-09T03:21:51.5355745Z err:  7afaf5235756 Download complete 0B
2026-08-09T03:21:51.5369541Z err:  bf7630a76e50 Extracting 1B
2026-08-09T03:21:51.5403008Z err:  0f9834e404a5 Pull complete 0B
2026-08-09T03:21:51.6164696Z err:  bf7630a76e50 Pull complete 0B
2026-08-09T03:21:51.6469480Z err:  df18c30562e3 Extracting 1B
2026-08-09T03:21:51.7577234Z err:  df18c30562e3 Pull complete 0B
2026-08-09T03:21:51.8111668Z err:  7afaf5235756 Pull complete 0B
2026-08-09T03:21:51.8575146Z err:  af8a9031e1d6 Pull complete 0B
2026-08-09T03:21:51.8609335Z err:  Image ghcr.io/duubemmm/peerless:4463daae5e5f6c5b53a1ddc476cecbf4bab61f2a Pulled 
2026-08-09T03:21:52.0579363Z err:  Container peerless-db-1 Running 
2026-08-09T03:21:52.0580311Z err:  Container peerless-api-1 Recreate 
2026-08-09T03:21:52.3407089Z err:  Container peerless-api-1 Recreated 
2026-08-09T03:21:52.3570843Z err:  Container peerless-db-1 Waiting 
2026-08-09T03:21:52.8594413Z err:  Container peerless-db-1 Healthy 
2026-08-09T03:21:52.8595648Z err:  Container peerless-api-1 Starting 
2026-08-09T03:21:53.1175966Z err:  Container peerless-api-1 Started 
2026-08-09T03:21:58.1525727Z err:   % Total    % Received % Xferd  Average Speed   Time    Time     Time  Current
2026-08-09T03:21:58.1526740Z err:                                  Dload  Upload   Total   Spent    Left  Speed
2026-08-09T03:21:58.1632740Z err: 
2026-08-09T03:21:58.1633422Z   0     0    0     0    0     0      0      0 --:--:-- --:--:-- --:--:--     0
2026-08-09T03:21:58.1634819Z   0    33    0     0    0     0      0      0 --:--:-- --:--:-- --:--:--     0
2026-08-09T03:21:58.1635714Z err: curl: (22) The requested URL returned error: 500
2026-08-09T03:21:58.1636413Z out: Health check failed. Rolling back to f1c4efa2a12cbcaf5c56f4fd06b2da4917035a04
2026-08-09T03:21:58.3106340Z err:  Image ghcr.io/duubemmm/peerless:f1c4efa2a12cbcaf5c56f4fd06b2da4917035a04 Pulling 
2026-08-09T03:21:58.3109957Z err:  Image postgres:16-alpine Pulling 
2026-08-09T03:21:58.8177258Z err:  Image ghcr.io/duubemmm/peerless:f1c4efa2a12cbcaf5c56f4fd06b2da4917035a04 Pulled 
2026-08-09T03:21:59.5693309Z err:  Image postgres:16-alpine Pulled 
2026-08-09T03:21:59.8075758Z err:  Container peerless-db-1 Running 
2026-08-09T03:21:59.8076775Z err:  Container peerless-api-1 Recreate 
2026-08-09T03:22:00.0960532Z err:  Container peerless-api-1 Recreated 
2026-08-09T03:22:00.1156229Z err:  Container peerless-db-1 Waiting 
2026-08-09T03:22:00.6175670Z err:  Container peerless-db-1 Healthy 
2026-08-09T03:22:00.6176443Z err:  Container peerless-api-1 Starting 
2026-08-09T03:22:00.8825435Z err:  Container peerless-api-1 Started 
2026-08-09T03:22:05.8984550Z err:   % Total    % Received % Xferd  Average Speed   Time    Time     Time  Current
2026-08-09T03:22:05.8985442Z err:                                  Dload  Upload   Total   Spent    Left  Speed
2026-08-09T03:22:05.9082941Z err: 
2026-08-09T03:22:05.9083791Z   0     0    0     0    0     0      0      0 --:--:-- --:--:-- --:--:--     0
2026-08-09T03:22:05.9085178Z 100    18  100    18    0     0   2036      0 --:--:-- --:--:-- --:--:--  2250
2026-08-09T03:22:05.9086438Z out: {"status":"ready"}Rollback successful: restored f1c4efa2a12cbcaf5c56f4fd06b2da4917035a04
2026-08-09T03:22:05.9098173Z 2026/08/09 03:22:05 Process exited with status 1
2026-08-09T03:22:06.0123919Z Cleaning up orphan processes
